edges
| seeds.rb:16:54:16:64 | "admin1234" : String | seeds.rb:16:14:16:66 | call to [] | provenance |  |
| seeds.rb:22:1:22:5 | users : Array [element 0, element :password] : String | seeds.rb:32:12:32:16 | users : Array [element 0, element :password] : String | provenance |  |
| seeds.rb:22:1:22:5 | users : Array [element 0, element :password_confirmation] : String | seeds.rb:32:12:32:16 | users : Array [element 0, element :password_confirmation] : String | provenance |  |
| seeds.rb:22:9:30:1 | call to [] : Array [element 0, element :password] : String | seeds.rb:22:1:22:5 | users : Array [element 0, element :password] : String | provenance |  |
| seeds.rb:22:9:30:1 | call to [] : Array [element 0, element :password_confirmation] : String | seeds.rb:22:1:22:5 | users : Array [element 0, element :password_confirmation] : String | provenance |  |
| seeds.rb:23:3:29:3 | call to [] : Hash [element :password] : String | seeds.rb:22:9:30:1 | call to [] : Array [element 0, element :password] : String | provenance |  |
| seeds.rb:23:3:29:3 | call to [] : Hash [element :password_confirmation] : String | seeds.rb:22:9:30:1 | call to [] : Array [element 0, element :password_confirmation] : String | provenance |  |
| seeds.rb:26:15:26:25 | "admin1234" : String | seeds.rb:23:3:29:3 | call to [] : Hash [element :password] : String | provenance |  |
| seeds.rb:27:28:27:38 | "admin1234" : String | seeds.rb:23:3:29:3 | call to [] : Hash [element :password_confirmation] : String | provenance |  |
| seeds.rb:32:12:32:16 | users : Array [element 0, element :password] : String | seeds.rb:32:43:32:51 | user_info [element :password] : String | provenance |  |
| seeds.rb:32:12:32:16 | users : Array [element 0, element :password_confirmation] : String | seeds.rb:32:43:32:51 | user_info [element :password_confirmation] : String | provenance |  |
| seeds.rb:32:43:32:51 | user_info [element :password] : String | seeds.rb:33:39:33:47 | user_info | provenance |  |
| seeds.rb:32:43:32:51 | user_info [element :password_confirmation] : String | seeds.rb:33:39:33:47 | user_info | provenance |  |
| seeds.rb:37:1:37:5 | attrs : Hash [element :password] : String | seeds.rb:38:25:38:29 | attrs | provenance |  |
| seeds.rb:37:9:37:58 | call to [] : Hash [element :password] : String | seeds.rb:37:1:37:5 | attrs : Hash [element :password] : String | provenance |  |
| seeds.rb:37:48:37:56 | "letmein" : String | seeds.rb:37:9:37:58 | call to [] : Hash [element :password] : String | provenance |  |
nodes
| seeds.rb:13:51:13:61 | "admin1234" | semmle.label | "admin1234" |
| seeds.rb:16:14:16:66 | call to [] | semmle.label | call to [] |
| seeds.rb:16:54:16:64 | "admin1234" : String | semmle.label | "admin1234" : String |
| seeds.rb:19:56:19:63 | "s3cr3t" | semmle.label | "s3cr3t" |
| seeds.rb:22:1:22:5 | users : Array [element 0, element :password] : String | semmle.label | users : Array [element 0, element :password] : String |
| seeds.rb:22:1:22:5 | users : Array [element 0, element :password_confirmation] : String | semmle.label | users : Array [element 0, element :password_confirmation] : String |
| seeds.rb:22:9:30:1 | call to [] : Array [element 0, element :password] : String | semmle.label | call to [] : Array [element 0, element :password] : String |
| seeds.rb:22:9:30:1 | call to [] : Array [element 0, element :password_confirmation] : String | semmle.label | call to [] : Array [element 0, element :password_confirmation] : String |
| seeds.rb:23:3:29:3 | call to [] : Hash [element :password] : String | semmle.label | call to [] : Hash [element :password] : String |
| seeds.rb:23:3:29:3 | call to [] : Hash [element :password_confirmation] : String | semmle.label | call to [] : Hash [element :password_confirmation] : String |
| seeds.rb:26:15:26:25 | "admin1234" : String | semmle.label | "admin1234" : String |
| seeds.rb:27:28:27:38 | "admin1234" : String | semmle.label | "admin1234" : String |
| seeds.rb:32:12:32:16 | users : Array [element 0, element :password] : String | semmle.label | users : Array [element 0, element :password] : String |
| seeds.rb:32:12:32:16 | users : Array [element 0, element :password_confirmation] : String | semmle.label | users : Array [element 0, element :password_confirmation] : String |
| seeds.rb:32:43:32:51 | user_info [element :password] : String | semmle.label | user_info [element :password] : String |
| seeds.rb:32:43:32:51 | user_info [element :password_confirmation] : String | semmle.label | user_info [element :password_confirmation] : String |
| seeds.rb:33:39:33:47 | user_info | semmle.label | user_info |
| seeds.rb:37:1:37:5 | attrs : Hash [element :password] : String | semmle.label | attrs : Hash [element :password] : String |
| seeds.rb:37:9:37:58 | call to [] : Hash [element :password] : String | semmle.label | call to [] : Hash [element :password] : String |
| seeds.rb:37:48:37:56 | "letmein" : String | semmle.label | "letmein" : String |
| seeds.rb:38:25:38:29 | attrs | semmle.label | attrs |
subpaths
#select
| seeds.rb:13:51:13:61 | "admin1234" | seeds.rb:13:51:13:61 | "admin1234" | seeds.rb:13:51:13:61 | "admin1234" | This hardcoded value is $@. | seeds.rb:13:51:13:61 | "admin1234" | used as a model password attribute |
| seeds.rb:16:54:16:64 | "admin1234" | seeds.rb:16:54:16:64 | "admin1234" : String | seeds.rb:16:14:16:66 | call to [] | This hardcoded value is $@. | seeds.rb:16:14:16:66 | call to [] | used as a model password attribute |
| seeds.rb:19:56:19:63 | "s3cr3t" | seeds.rb:19:56:19:63 | "s3cr3t" | seeds.rb:19:56:19:63 | "s3cr3t" | This hardcoded value is $@. | seeds.rb:19:56:19:63 | "s3cr3t" | used as a model password attribute |
| seeds.rb:26:15:26:25 | "admin1234" | seeds.rb:26:15:26:25 | "admin1234" : String | seeds.rb:33:39:33:47 | user_info | This hardcoded value is $@. | seeds.rb:33:39:33:47 | user_info | used as a model password attribute |
| seeds.rb:27:28:27:38 | "admin1234" | seeds.rb:27:28:27:38 | "admin1234" : String | seeds.rb:33:39:33:47 | user_info | This hardcoded value is $@. | seeds.rb:33:39:33:47 | user_info | used as a model password attribute |
| seeds.rb:37:48:37:56 | "letmein" | seeds.rb:37:48:37:56 | "letmein" : String | seeds.rb:38:25:38:29 | attrs | This hardcoded value is $@. | seeds.rb:38:25:38:29 | attrs | used as a model password attribute |
