| app.py:75:9:75:27 | ControlFlowNode for setattr() | Every field of $@, which accepts arbitrary extra fields, is assigned to an object, allowing a client to set unintended attributes. | app.py:25:1:25:30 | ControlFlowNode for ClassExpr | UpdateUserV2 |
| app.py:82:9:82:33 | ControlFlowNode for setattr() | Every field of $@, which accepts arbitrary extra fields, is assigned to an object, allowing a client to set unintended attributes. | app.py:32:1:32:32 | ControlFlowNode for ClassExpr | UpdateUserDict |
| app.py:90:13:90:37 | ControlFlowNode for setattr() | Every field of $@, which accepts arbitrary extra fields, is assigned to an object, allowing a client to set unintended attributes. | app.py:39:1:39:52 | ControlFlowNode for ClassExpr | UpdateUserKwarg |
| app.py:98:9:98:27 | ControlFlowNode for setattr() | Every field of $@, which accepts arbitrary extra fields, is assigned to an object, allowing a client to set unintended attributes. | app.py:44:1:44:39 | ControlFlowNode for ClassExpr | UpdateUserInnerConfig |
| app.py:105:9:105:27 | ControlFlowNode for setattr() | Every field of $@, which accepts arbitrary extra fields, is assigned to an object, allowing a client to set unintended attributes. | app.py:52:1:52:36 | ControlFlowNode for ClassExpr | UpdateUserChild |
| app.py:113:9:113:27 | ControlFlowNode for setattr() | Every field of $@, which accepts arbitrary extra fields, is assigned to an object, allowing a client to set unintended attributes. | app.py:25:1:25:30 | ControlFlowNode for ClassExpr | UpdateUserV2 |
| app.py:120:9:120:33 | ControlFlowNode for setattr() | Every field of $@, which accepts arbitrary extra fields, is assigned to an object, allowing a client to set unintended attributes. | app.py:39:1:39:52 | ControlFlowNode for ClassExpr | UpdateUserKwarg |
