| inline.js:16:8:16:32 | /^\\/adm ... q.path) | This middleware is skipped for paths matching the case-sensitive exclusion $@, but is guarding a $@. A path such as '/ADMIN/SETTINGS' will bypass the middleware. | inline.js:16:8:16:17 | /^\\/admin/ | pattern | inline.js:20:1:22:2 | app.get ... s');\\n}) | case-insensitive path |
| inline.js:28:7:28:42 | /^(?!\\/ ... nalUrl) | This middleware is skipped for paths matching the case-sensitive exclusion $@, but is guarding a $@. A path such as '/ADMIN/SETTINGS' will bypass the middleware. | inline.js:28:7:28:20 | /^(?!\\/admin)/ | pattern | inline.js:34:1:36:2 | app2.ge ... s');\\n}) | case-insensitive path |
| inline.js:83:8:83:33 | /^\\/adm ... eq.url) | This middleware is skipped for paths matching the case-sensitive exclusion $@, but is guarding a $@. A path such as '/ADMIN/SETTINGS' will bypass the middleware. | inline.js:83:8:83:19 | /^\\/admin\\// | pattern | inline.js:90:1:92:2 | app6.ge ... s');\\n}) | case-insensitive path |
| unless.js:17:35:17:50 | /^(?!\\/admin).*/ | This middleware is skipped for paths matching the case-sensitive exclusion $@, but is guarding a $@. A path such as '/ADMIN/USERS' will bypass the middleware. | unless.js:17:35:17:50 | /^(?!\\/admin).*/ | pattern | unless.js:19:1:21:2 | app.get ... s');\\n}) | case-insensitive path |
| unless.js:35:47:35:75 | /^(?!\\/ ... )\\/).*/ | This middleware is skipped for paths matching the case-sensitive exclusion $@, but is guarding a $@. A path such as '/INTERNAL/STATS' will bypass the middleware. | unless.js:35:47:35:75 | /^(?!\\/ ... )\\/).*/ | pattern | unless.js:37:1:39:2 | app3.ge ... s');\\n}) | case-insensitive path |
| upstream.js:11:9:11:19 | /\\/foo\\/.*/ | This route uses a case-sensitive path $@, but is guarding a $@. A path such as '/FOO/BAR' will bypass the middleware. | upstream.js:11:9:11:19 | /\\/foo\\/.*/ | pattern | upstream.js:13:1:15:2 | app.get ... r');\\n}) | case-insensitive path |
