edges
| django_project/settings.py:1:1:1:10 | ControlFlowNode for SECRET_KEY | django_project/settings.py:10:20:10:29 | ControlFlowNode for SECRET_KEY | provenance |  |
| django_project/settings.py:1:14:1:21 | ControlFlowNode for StringLiteral | django_project/settings.py:1:1:1:10 | ControlFlowNode for SECRET_KEY | provenance |  |
| flask_app.py:16:1:16:12 | ControlFlowNode for FLASK_SECRET | flask_app.py:18:19:18:30 | ControlFlowNode for FLASK_SECRET | provenance |  |
| flask_app.py:16:16:16:23 | ControlFlowNode for StringLiteral | flask_app.py:16:1:16:12 | ControlFlowNode for FLASK_SECRET | provenance |  |
nodes
| django_project/jwt_settings.py:3:20:3:31 | ControlFlowNode for StringLiteral | semmle.label | ControlFlowNode for StringLiteral |
| django_project/settings.py:1:1:1:10 | ControlFlowNode for SECRET_KEY | semmle.label | ControlFlowNode for SECRET_KEY |
| django_project/settings.py:1:14:1:21 | ControlFlowNode for StringLiteral | semmle.label | ControlFlowNode for StringLiteral |
| django_project/settings.py:1:14:1:21 | ControlFlowNode for StringLiteral | semmle.label | ControlFlowNode for StringLiteral |
| django_project/settings.py:10:20:10:29 | ControlFlowNode for SECRET_KEY | semmle.label | ControlFlowNode for SECRET_KEY |
| flask_app.py:6:22:6:63 | ControlFlowNode for StringLiteral | semmle.label | ControlFlowNode for StringLiteral |
| flask_app.py:11:29:11:46 | ControlFlowNode for StringLiteral | semmle.label | ControlFlowNode for StringLiteral |
| flask_app.py:14:31:14:35 | ControlFlowNode for StringLiteral | semmle.label | ControlFlowNode for StringLiteral |
| flask_app.py:16:1:16:12 | ControlFlowNode for FLASK_SECRET | semmle.label | ControlFlowNode for FLASK_SECRET |
| flask_app.py:16:16:16:23 | ControlFlowNode for StringLiteral | semmle.label | ControlFlowNode for StringLiteral |
| flask_app.py:18:19:18:30 | ControlFlowNode for FLASK_SECRET | semmle.label | ControlFlowNode for FLASK_SECRET |
| jwt_usage.py:5:41:5:63 | ControlFlowNode for StringLiteral | semmle.label | ControlFlowNode for StringLiteral |
| jwt_usage.py:9:34:9:41 | ControlFlowNode for StringLiteral | semmle.label | ControlFlowNode for StringLiteral |
| legacy.py:3:46:3:64 | ControlFlowNode for StringLiteral | semmle.label | ControlFlowNode for StringLiteral |
subpaths
#select
| django_project/jwt_settings.py:3:20:3:31 | ControlFlowNode for StringLiteral | django_project/jwt_settings.py:3:20:3:31 | ControlFlowNode for StringLiteral | django_project/jwt_settings.py:3:20:3:31 | ControlFlowNode for StringLiteral | This hardcoded value is $@. | django_project/jwt_settings.py:3:20:3:31 | ControlFlowNode for StringLiteral | used as credentials |
| django_project/settings.py:1:14:1:21 | ControlFlowNode for StringLiteral | django_project/settings.py:1:14:1:21 | ControlFlowNode for StringLiteral | django_project/settings.py:1:14:1:21 | ControlFlowNode for StringLiteral | This hardcoded value is $@. | django_project/settings.py:1:14:1:21 | ControlFlowNode for StringLiteral | used as credentials |
| django_project/settings.py:1:14:1:21 | ControlFlowNode for StringLiteral | django_project/settings.py:1:14:1:21 | ControlFlowNode for StringLiteral | django_project/settings.py:10:20:10:29 | ControlFlowNode for SECRET_KEY | This hardcoded value is $@. | django_project/settings.py:10:20:10:29 | ControlFlowNode for SECRET_KEY | used as credentials |
| flask_app.py:6:22:6:63 | ControlFlowNode for StringLiteral | flask_app.py:6:22:6:63 | ControlFlowNode for StringLiteral | flask_app.py:6:22:6:63 | ControlFlowNode for StringLiteral | This hardcoded value is $@. | flask_app.py:6:22:6:63 | ControlFlowNode for StringLiteral | used as credentials |
| flask_app.py:11:29:11:46 | ControlFlowNode for StringLiteral | flask_app.py:11:29:11:46 | ControlFlowNode for StringLiteral | flask_app.py:11:29:11:46 | ControlFlowNode for StringLiteral | This hardcoded value is $@. | flask_app.py:11:29:11:46 | ControlFlowNode for StringLiteral | used as credentials |
| flask_app.py:14:31:14:35 | ControlFlowNode for StringLiteral | flask_app.py:14:31:14:35 | ControlFlowNode for StringLiteral | flask_app.py:14:31:14:35 | ControlFlowNode for StringLiteral | This hardcoded value is $@. | flask_app.py:14:31:14:35 | ControlFlowNode for StringLiteral | used as credentials |
| flask_app.py:16:16:16:23 | ControlFlowNode for StringLiteral | flask_app.py:16:16:16:23 | ControlFlowNode for StringLiteral | flask_app.py:18:19:18:30 | ControlFlowNode for FLASK_SECRET | This hardcoded value is $@. | flask_app.py:18:19:18:30 | ControlFlowNode for FLASK_SECRET | used as credentials |
| jwt_usage.py:5:41:5:63 | ControlFlowNode for StringLiteral | jwt_usage.py:5:41:5:63 | ControlFlowNode for StringLiteral | jwt_usage.py:5:41:5:63 | ControlFlowNode for StringLiteral | This hardcoded value is $@. | jwt_usage.py:5:41:5:63 | ControlFlowNode for StringLiteral | used as credentials |
| jwt_usage.py:9:34:9:41 | ControlFlowNode for StringLiteral | jwt_usage.py:9:34:9:41 | ControlFlowNode for StringLiteral | jwt_usage.py:9:34:9:41 | ControlFlowNode for StringLiteral | This hardcoded value is $@. | jwt_usage.py:9:34:9:41 | ControlFlowNode for StringLiteral | used as credentials |
| legacy.py:3:46:3:64 | ControlFlowNode for StringLiteral | legacy.py:3:46:3:64 | ControlFlowNode for StringLiteral | legacy.py:3:46:3:64 | ControlFlowNode for StringLiteral | This hardcoded value is $@. | legacy.py:3:46:3:64 | ControlFlowNode for StringLiteral | used as credentials |
