#select
| SqlInjection.cs:24:48:24:52 | access to local variable query | SqlInjection.cs:15:28:15:41 | access to property Params : NameValueCollection | SqlInjection.cs:24:48:24:52 | access to local variable query | This query depends on $@. | SqlInjection.cs:15:28:15:41 | access to property Params : NameValueCollection | this ASP.NET query string |
| SqlInjection.cs:24:48:24:52 | access to local variable query | SqlInjection.cs:16:29:16:42 | access to property Params : NameValueCollection | SqlInjection.cs:24:48:24:52 | access to local variable query | This query depends on $@. | SqlInjection.cs:16:29:16:42 | access to property Params : NameValueCollection | this ASP.NET query string |
| SqlInjection.cs:33:34:33:38 | access to local variable query | SqlInjection.cs:32:71:32:82 | access to property Form : NameValueCollection | SqlInjection.cs:33:34:33:38 | access to local variable query | This query depends on $@. | SqlInjection.cs:32:71:32:82 | access to property Form : NameValueCollection | this ASP.NET query string |
| SqlInjection.cs:39:40:39:97 | ... + ... | SqlInjection.cs:39:77:39:83 | access to property Request : HttpRequest | SqlInjection.cs:39:40:39:97 | ... + ... | This query depends on $@. | SqlInjection.cs:39:77:39:83 | access to property Request : HttpRequest | this ASP.NET query string |
| SqlInjection.cs:64:43:64:45 | access to local variable sql | SqlInjection.cs:79:28:79:38 | access to field txtUserName : TextBox | SqlInjection.cs:64:43:64:45 | access to local variable sql | This query depends on $@. | SqlInjection.cs:79:28:79:38 | access to field txtUserName : TextBox | this ASP.NET user input |
| SqlInjection.cs:64:43:64:45 | access to local variable sql | SqlInjection.cs:80:26:80:36 | access to field txtPassword : TextBox | SqlInjection.cs:64:43:64:45 | access to local variable sql | This query depends on $@. | SqlInjection.cs:80:26:80:36 | access to field txtPassword : TextBox | this ASP.NET user input |
| SqlInjection.cs:86:34:86:81 | ... + ... | SqlInjection.cs:86:66:86:76 | access to field txtUserName : TextBox | SqlInjection.cs:86:34:86:81 | ... + ... | This query depends on $@. | SqlInjection.cs:86:66:86:76 | access to field txtUserName : TextBox | this ASP.NET user input |
| SqlInjection.cs:95:33:95:37 | access to local variable query | SqlInjection.cs:94:67:94:80 | access to property Params : NameValueCollection | SqlInjection.cs:95:33:95:37 | access to local variable query | This query depends on $@. | SqlInjection.cs:94:67:94:80 | access to property Params : NameValueCollection | this ASP.NET query string |
| SqlInjection.cs:96:33:96:37 | access to local variable query | SqlInjection.cs:94:67:94:80 | access to property Params : NameValueCollection | SqlInjection.cs:96:33:96:37 | access to local variable query | This query depends on $@. | SqlInjection.cs:94:67:94:80 | access to property Params : NameValueCollection | this ASP.NET query string |
edges
| SqlInjection.cs:15:20:15:24 | access to local variable uname : String | SqlInjection.cs:17:26:17:30 | access to local variable uname : String | provenance |  |
| SqlInjection.cs:15:28:15:41 | access to property Params : NameValueCollection | SqlInjection.cs:15:20:15:24 | access to local variable uname : String | provenance |  |
| SqlInjection.cs:15:28:15:41 | access to property Params : NameValueCollection | SqlInjection.cs:15:28:15:48 | access to indexer : String | provenance | MaD:12750 |
| SqlInjection.cs:15:28:15:48 | access to indexer : String | SqlInjection.cs:15:20:15:24 | access to local variable uname : String | provenance |  |
| SqlInjection.cs:16:20:16:25 | access to local variable passwd : String | SqlInjection.cs:17:33:17:38 | access to local variable passwd : String | provenance |  |
| SqlInjection.cs:16:29:16:42 | access to property Params : NameValueCollection | SqlInjection.cs:16:20:16:25 | access to local variable passwd : String | provenance |  |
| SqlInjection.cs:16:29:16:42 | access to property Params : NameValueCollection | SqlInjection.cs:16:29:16:51 | access to indexer : String | provenance | MaD:12750 |
| SqlInjection.cs:16:29:16:51 | access to indexer : String | SqlInjection.cs:16:20:16:25 | access to local variable passwd : String | provenance |  |
| SqlInjection.cs:17:26:17:30 | access to local variable uname : String | SqlInjection.cs:20:42:20:49 | userName : String | provenance |  |
| SqlInjection.cs:17:33:17:38 | access to local variable passwd : String | SqlInjection.cs:20:59:20:66 | password : String | provenance |  |
| SqlInjection.cs:20:42:20:49 | userName : String | SqlInjection.cs:23:20:23:24 | access to local variable query : String | provenance |  |
| SqlInjection.cs:20:59:20:66 | password : String | SqlInjection.cs:23:20:23:24 | access to local variable query : String | provenance |  |
| SqlInjection.cs:23:20:23:24 | access to local variable query : String | SqlInjection.cs:24:48:24:52 | access to local variable query | provenance | Sink:MaD:0 |
| SqlInjection.cs:32:20:32:24 | access to local variable query : String | SqlInjection.cs:33:34:33:38 | access to local variable query | provenance | Sink:MaD:1 |
| SqlInjection.cs:32:71:32:82 | access to property Form : NameValueCollection | SqlInjection.cs:32:20:32:24 | access to local variable query : String | provenance |  |
| SqlInjection.cs:32:71:32:82 | access to property Form : NameValueCollection | SqlInjection.cs:32:71:32:90 | access to indexer : String | provenance | MaD:12750 |
| SqlInjection.cs:32:71:32:90 | access to indexer : String | SqlInjection.cs:32:20:32:24 | access to local variable query : String | provenance |  |
| SqlInjection.cs:39:77:39:83 | access to property Request : HttpRequest | SqlInjection.cs:39:40:39:97 | ... + ... | provenance | Sink:MaD:987 |
| SqlInjection.cs:59:49:59:53 | email : String | SqlInjection.cs:61:20:61:22 | access to local variable sql : String | provenance |  |
| SqlInjection.cs:59:63:59:70 | password : String | SqlInjection.cs:61:20:61:22 | access to local variable sql : String | provenance |  |
| SqlInjection.cs:61:20:61:22 | access to local variable sql : String | SqlInjection.cs:64:43:64:45 | access to local variable sql | provenance | Sink:MaD:4 |
| SqlInjection.cs:79:20:79:24 | access to local variable email : String | SqlInjection.cs:81:37:81:41 | access to local variable email : String | provenance |  |
| SqlInjection.cs:79:28:79:38 | access to field txtUserName : TextBox | SqlInjection.cs:79:28:79:43 | access to property Text : String | provenance | MaD:2258 |
| SqlInjection.cs:79:28:79:43 | access to property Text : String | SqlInjection.cs:79:20:79:24 | access to local variable email : String | provenance |  |
| SqlInjection.cs:80:20:80:22 | access to local variable pwd : String | SqlInjection.cs:81:44:81:46 | access to local variable pwd : String | provenance |  |
| SqlInjection.cs:80:26:80:36 | access to field txtPassword : TextBox | SqlInjection.cs:80:26:80:41 | access to property Text : String | provenance | MaD:2258 |
| SqlInjection.cs:80:26:80:41 | access to property Text : String | SqlInjection.cs:80:20:80:22 | access to local variable pwd : String | provenance |  |
| SqlInjection.cs:81:37:81:41 | access to local variable email : String | SqlInjection.cs:59:49:59:53 | email : String | provenance |  |
| SqlInjection.cs:81:44:81:46 | access to local variable pwd : String | SqlInjection.cs:59:63:59:70 | password : String | provenance |  |
| SqlInjection.cs:86:66:86:76 | access to field txtUserName : TextBox | SqlInjection.cs:86:66:86:81 | access to property Text : String | provenance | MaD:2258 |
| SqlInjection.cs:86:66:86:81 | access to property Text : String | SqlInjection.cs:86:34:86:81 | ... + ... | provenance | Sink:MaD:5 |
| SqlInjection.cs:94:20:94:24 | access to local variable query : String | SqlInjection.cs:95:33:95:37 | access to local variable query | provenance | Sink:MaD:2 |
| SqlInjection.cs:94:20:94:24 | access to local variable query : String | SqlInjection.cs:96:33:96:37 | access to local variable query | provenance | Sink:MaD:3 |
| SqlInjection.cs:94:67:94:80 | access to property Params : NameValueCollection | SqlInjection.cs:94:20:94:24 | access to local variable query : String | provenance |  |
| SqlInjection.cs:94:67:94:80 | access to property Params : NameValueCollection | SqlInjection.cs:94:67:94:85 | access to indexer : String | provenance | MaD:12750 |
| SqlInjection.cs:94:67:94:85 | access to indexer : String | SqlInjection.cs:94:20:94:24 | access to local variable query : String | provenance |  |
nodes
| SqlInjection.cs:15:20:15:24 | access to local variable uname : String | semmle.label | access to local variable uname : String |
| SqlInjection.cs:15:28:15:41 | access to property Params : NameValueCollection | semmle.label | access to property Params : NameValueCollection |
| SqlInjection.cs:15:28:15:48 | access to indexer : String | semmle.label | access to indexer : String |
| SqlInjection.cs:16:20:16:25 | access to local variable passwd : String | semmle.label | access to local variable passwd : String |
| SqlInjection.cs:16:29:16:42 | access to property Params : NameValueCollection | semmle.label | access to property Params : NameValueCollection |
| SqlInjection.cs:16:29:16:51 | access to indexer : String | semmle.label | access to indexer : String |
| SqlInjection.cs:17:26:17:30 | access to local variable uname : String | semmle.label | access to local variable uname : String |
| SqlInjection.cs:17:33:17:38 | access to local variable passwd : String | semmle.label | access to local variable passwd : String |
| SqlInjection.cs:20:42:20:49 | userName : String | semmle.label | userName : String |
| SqlInjection.cs:20:59:20:66 | password : String | semmle.label | password : String |
| SqlInjection.cs:23:20:23:24 | access to local variable query : String | semmle.label | access to local variable query : String |
| SqlInjection.cs:24:48:24:52 | access to local variable query | semmle.label | access to local variable query |
| SqlInjection.cs:32:20:32:24 | access to local variable query : String | semmle.label | access to local variable query : String |
| SqlInjection.cs:32:71:32:82 | access to property Form : NameValueCollection | semmle.label | access to property Form : NameValueCollection |
| SqlInjection.cs:32:71:32:90 | access to indexer : String | semmle.label | access to indexer : String |
| SqlInjection.cs:33:34:33:38 | access to local variable query | semmle.label | access to local variable query |
| SqlInjection.cs:39:40:39:97 | ... + ... | semmle.label | ... + ... |
| SqlInjection.cs:39:77:39:83 | access to property Request : HttpRequest | semmle.label | access to property Request : HttpRequest |
| SqlInjection.cs:59:49:59:53 | email : String | semmle.label | email : String |
| SqlInjection.cs:59:63:59:70 | password : String | semmle.label | password : String |
| SqlInjection.cs:61:20:61:22 | access to local variable sql : String | semmle.label | access to local variable sql : String |
| SqlInjection.cs:64:43:64:45 | access to local variable sql | semmle.label | access to local variable sql |
| SqlInjection.cs:79:20:79:24 | access to local variable email : String | semmle.label | access to local variable email : String |
| SqlInjection.cs:79:28:79:38 | access to field txtUserName : TextBox | semmle.label | access to field txtUserName : TextBox |
| SqlInjection.cs:79:28:79:43 | access to property Text : String | semmle.label | access to property Text : String |
| SqlInjection.cs:80:20:80:22 | access to local variable pwd : String | semmle.label | access to local variable pwd : String |
| SqlInjection.cs:80:26:80:36 | access to field txtPassword : TextBox | semmle.label | access to field txtPassword : TextBox |
| SqlInjection.cs:80:26:80:41 | access to property Text : String | semmle.label | access to property Text : String |
| SqlInjection.cs:81:37:81:41 | access to local variable email : String | semmle.label | access to local variable email : String |
| SqlInjection.cs:81:44:81:46 | access to local variable pwd : String | semmle.label | access to local variable pwd : String |
| SqlInjection.cs:86:34:86:81 | ... + ... | semmle.label | ... + ... |
| SqlInjection.cs:86:66:86:76 | access to field txtUserName : TextBox | semmle.label | access to field txtUserName : TextBox |
| SqlInjection.cs:86:66:86:81 | access to property Text : String | semmle.label | access to property Text : String |
| SqlInjection.cs:94:20:94:24 | access to local variable query : String | semmle.label | access to local variable query : String |
| SqlInjection.cs:94:67:94:80 | access to property Params : NameValueCollection | semmle.label | access to property Params : NameValueCollection |
| SqlInjection.cs:94:67:94:85 | access to indexer : String | semmle.label | access to indexer : String |
| SqlInjection.cs:95:33:95:37 | access to local variable query | semmle.label | access to local variable query |
| SqlInjection.cs:96:33:96:37 | access to local variable query | semmle.label | access to local variable query |
subpaths
