| assets/settings.yml:4:13:4:19 | hunter2 | Hard-coded credential 'password' in assets/settings.yml is exposed to the public by $@. | server.js:15:9:15:43 | serveSt ... sets/') | this static-file middleware |
| koa-public/secrets.js:1:1:1:20 | exports.clientSecret | Hard-coded credential 'clientSecret' in koa-public/secrets.js is exposed to the public by $@. | server.js:23:9:23:56 | koaStat ... blic')) | this static-file middleware |
| public/app.js:8:5:8:32 | apiKey  ... KEY123" | Hard-coded credential 'apiKey' in public/app.js is exposed to the public by $@. | server.js:10:9:10:32 | express ... ublic") | this static-file middleware |
| public/config/db.json:4:18:4:30 | "s3cr3t-pa55" | Hard-coded credential 'db_password' in public/config/db.json is exposed to the public by $@. | server.js:10:9:10:32 | express ... ublic") | this static-file middleware |
| public/service.js:3:3:3:23 | passwor ... inpixi" | Hard-coded credential 'password' in public/service.js is exposed to the public by $@. | server.js:10:9:10:32 | express ... ublic") | this static-file middleware |
| static/keys.yml:2:14:2:27 | tok-1234567890 | Hard-coded credential 'api_token' in static/keys.yml is exposed to the public by $@. | server.js:17:20:17:65 | express ... atic")) | this static-file middleware |
| www/keys.json:2:14:2:31 | "0123456789abcdef" | Hard-coded credential 'api_key' in www/keys.json is exposed to the public by $@. | server.js:20:9:20:27 | serveStatic(wwwDir) | this static-file middleware |
